67 variants (30 factors + baseline), 5 replicates -> 335 runs at 2,000,000 miles each
[   1/335] average_speed_mph/75 rep1 rate=25021
[   2/335] average_speed_mph/75 rep2 rate=24519
[   3/335] _baseline_/baseline rep2 rate=36790
[   4/335] _baseline_/baseline rep4 rate=37177
[   5/335] _baseline_/baseline rep1 rate=37847
[   6/335] _baseline_/baseline rep5 rate=38492
[   7/335] _baseline_/baseline rep3 rate=35523
[   8/335] average_speed_mph/75 rep3 rate=23523
[   9/335] average_speed_mph/75 rep4 rate=24673
[  10/335] average_speed_mph/100 rep2 rate=18529
[  11/335] average_speed_mph/100 rep1 rate=18771
[  12/335] average_speed_mph/100 rep3 rate=17451
[  13/335] average_speed_mph/100 rep4 rate=18568
[  14/335] average_speed_mph/75 rep5 rate=25830
[  15/335] average_speed_mph/100 rep5 rate=19280
[  16/335] average_speed_mph/25 rep2 rate=73280
[  17/335] average_speed_mph/25 rep1 rate=75714
[  18/335] average_speed_mph/25 rep4 rate=73671
[  19/335] average_speed_mph/25 rep3 rate=71063
[  20/335] average_speed_mph/25 rep5 rate=76216
[  21/335] min_duration_seconds/0.001 rep1 rate=38163
[  22/335] min_duration_seconds/0.001 rep2 rate=36311
[  23/335] min_duration_seconds/0.001 rep3 rate=35530
[  24/335] min_duration_seconds/0.001 rep4 rate=37325
[  25/335] min_duration_seconds/0.001 rep5 rate=38113
[  26/335] min_duration_seconds/0.5 rep1 rate=37690
[  27/335] min_duration_seconds/0.5 rep2 rate=36443
[  28/335] min_duration_seconds/0.5 rep4 rate=36970
[  29/335] min_duration_seconds/0.5 rep3 rate=35490
[  30/335] min_duration_seconds/0.5 rep5 rate=37847
[  31/335] min_duration_seconds/5 rep1 rate=38470
[  32/335] min_duration_seconds/5 rep2 rate=36956
[  33/335] min_duration_seconds/5 rep3 rate=35614
[  34/335] min_duration_seconds/30 rep1 rate=32878
[  35/335] min_duration_seconds/30 rep2 rate=31581
[  36/335] min_duration_seconds/5 rep4 rate=37200
[  37/335] min_duration_seconds/5 rep5 rate=38026
[  38/335] min_duration_seconds/30 rep3 rate=30979
[  39/335] min_duration_seconds/30 rep4 rate=32311
[  40/335] target_unknown_element_probability/0.008 rep1 rate=n/a INFEASIBLE
[  41/335] target_unknown_element_probability/0.008 rep2 rate=n/a INFEASIBLE
[  42/335] target_unknown_element_probability/0.008 rep3 rate=n/a INFEASIBLE
[  43/335] target_unknown_element_probability/0.008 rep4 rate=n/a INFEASIBLE
[  44/335] target_unknown_element_probability/0.008 rep5 rate=n/a INFEASIBLE
[  45/335] target_unknown_element_probability/0.016 rep1 rate=n/a INFEASIBLE
[  46/335] target_unknown_element_probability/0.016 rep2 rate=n/a INFEASIBLE
[  47/335] target_unknown_element_probability/0.016 rep3 rate=n/a INFEASIBLE
[  48/335] target_unknown_element_probability/0.016 rep4 rate=n/a INFEASIBLE
[  49/335] target_unknown_element_probability/0.016 rep5 rate=n/a INFEASIBLE
[  50/335] min_duration_seconds/30 rep5 rate=33159
[  51/335] target_unknown_element_probability/0.001 rep1 rate=23217
[  52/335] target_unknown_element_probability/0.001 rep2 rate=22718
[  53/335] target_unknown_element_probability/0.001 rep3 rate=21998
[  54/335] target_unknown_element_probability/0.001 rep4 rate=22798
[  55/335] target_unknown_element_probability/0.001 rep5 rate=23543
[  56/335] target_unknown_element_probability/0.002 rep1 rate=28028
[  57/335] target_unknown_element_probability/0.002 rep2 rate=27236
[  58/335] target_unknown_element_probability/0.002 rep3 rate=26532
[  59/335] target_unknown_element_probability/0.002 rep4 rate=27699
[  60/335] target_unknown_element_probability/0.002 rep5 rate=28651
[  61/335] fixed_unknown_weight/fixed_0.0005 rep1 rate=18587
[  62/335] fixed_unknown_weight/fixed_0.0005 rep2 rate=17628
[  63/335] fixed_unknown_weight/fixed_0.0005 rep3 rate=18120
[  64/335] fixed_unknown_weight/fixed_0.0005 rep4 rate=18283
[  65/335] fixed_unknown_weight/fixed_0.0005 rep5 rate=18549
[  66/335] fixed_unknown_weight/fixed_0.001 rep1 rate=19071
[  67/335] fixed_unknown_weight/fixed_0.001 rep2 rate=18230
[  68/335] fixed_unknown_weight/fixed_0.001 rep3 rate=18330
[  69/335] fixed_unknown_weight/fixed_0.001 rep4 rate=18836
[  70/335] fixed_unknown_weight/fixed_0.001 rep5 rate=19084
[  71/335] fixed_unknown_weight/fixed_0.005 rep2 rate=23837
[  72/335] fixed_unknown_weight/fixed_0.005 rep1 rate=22637
[  73/335] fixed_unknown_weight/fixed_0.005 rep3 rate=21904
[  74/335] fixed_unknown_weight/fixed_0.005 rep4 rate=22464
[  75/335] fixed_unknown_weight/fixed_0.005 rep5 rate=22490
[  76/335] concentration_scale/1000 rep2 rate=30878
[  77/335] concentration_scale/1000 rep1 rate=30164
[  78/335] concentration_scale/1000 rep3 rate=27987
[  79/335] concentration_scale/1000 rep4 rate=36217
[  80/335] rarity_proportions_shape/common_heavy rep1 rate=n/a INFEASIBLE
[  81/335] rarity_proportions_shape/common_heavy rep2 rate=n/a INFEASIBLE
[  82/335] rarity_proportions_shape/common_heavy rep3 rate=n/a INFEASIBLE
[  83/335] rarity_proportions_shape/common_heavy rep4 rate=n/a INFEASIBLE
[  84/335] rarity_proportions_shape/common_heavy rep5 rate=n/a INFEASIBLE
[  85/335] concentration_scale/1000 rep5 rate=43084
[  86/335] concentration_scale/5000 rep1 rate=38871
[  87/335] concentration_scale/5000 rep2 rate=37039
[  88/335] concentration_scale/5000 rep3 rate=34480
[  89/335] concentration_scale/5000 rep4 rate=37014
[  90/335] rarity_proportions_shape/flat_known rep1 rate=n/a INFEASIBLE
[  91/335] rarity_proportions_shape/flat_known rep2 rate=n/a INFEASIBLE
[  92/335] rarity_proportions_shape/flat_known rep3 rate=n/a INFEASIBLE
[  93/335] rarity_proportions_shape/flat_known rep4 rate=n/a INFEASIBLE
[  94/335] rarity_proportions_shape/flat_known rep5 rate=n/a INFEASIBLE
[  95/335] unknown_proportion/0.05 rep1 rate=n/a INFEASIBLE
[  96/335] unknown_proportion/0.05 rep2 rate=n/a INFEASIBLE
[  97/335] unknown_proportion/0.05 rep3 rate=n/a INFEASIBLE
[  98/335] unknown_proportion/0.05 rep4 rate=n/a INFEASIBLE
[  99/335] unknown_proportion/0.05 rep5 rate=n/a INFEASIBLE
[ 100/335] concentration_scale/5000 rep5 rate=39859
[ 101/335] concentration_scale/100000 rep1 rate=36561
[ 102/335] concentration_scale/100000 rep2 rate=36566
[ 103/335] concentration_scale/100000 rep3 rate=35822
[ 104/335] concentration_scale/100000 rep4 rate=36846
[ 105/335] concentration_scale/100000 rep5 rate=37699
[ 106/335] rarity_proportions_shape/tail_heavy rep1 rate=37925
[ 107/335] rarity_proportions_shape/tail_heavy rep2 rate=36282
[ 108/335] rarity_proportions_shape/tail_heavy rep3 rate=35832
[ 109/335] rarity_proportions_shape/tail_heavy rep4 rate=36344
[ 110/335] base_weights_shape/steeper rep1 rate=n/a INFEASIBLE
[ 111/335] base_weights_shape/steeper rep2 rate=n/a INFEASIBLE
[ 112/335] base_weights_shape/steeper rep3 rate=n/a INFEASIBLE
[ 113/335] base_weights_shape/steeper rep4 rate=n/a INFEASIBLE
[ 114/335] base_weights_shape/steeper rep5 rate=n/a INFEASIBLE
[ 115/335] unknown_proportion/0.2 rep1 rate=39839
[ 116/335] rarity_proportions_shape/tail_heavy rep5 rate=38075
[ 117/335] unknown_proportion/0.2 rep2 rate=36658
[ 118/335] unknown_proportion/0.2 rep3 rate=35536
[ 119/335] unknown_proportion/0.2 rep4 rate=37474
[ 120/335] unknown_proportion/0.2 rep5 rate=38110
[ 121/335] base_weights_shape/flatter rep1 rate=38259
[ 122/335] base_weights_shape/flatter rep2 rate=36544
[ 123/335] base_weights_shape/flatter rep3 rate=35156
[ 124/335] base_weights_shape/flatter rep4 rate=36965
[ 125/335] full_scenario_target_mass/0.002 rep1 rate=28679
[ 126/335] base_weights_shape/flatter rep5 rate=38755
[ 127/335] full_scenario_target_mass/0.002 rep3 rate=26778
[ 128/335] full_scenario_target_mass/0.002 rep2 rate=27759
[ 129/335] full_scenario_target_mass/0.002 rep4 rate=28111
[ 130/335] full_scenario_target_mass/0.002 rep5 rate=29681
[ 131/335] full_scenario_target_mass/0.008 rep1 rate=56254
[ 132/335] full_scenario_target_mass/0.008 rep2 rate=54475
[ 133/335] full_scenario_target_mass/0.008 rep3 rate=53252
[ 134/335] full_scenario_enabled/off rep1 rate=19601
[ 135/335] full_scenario_target_mass/0.008 rep4 rate=55280
[ 136/335] full_scenario_enabled/off rep2 rate=18903
[ 137/335] full_scenario_enabled/off rep3 rate=17670
[ 138/335] full_scenario_enabled/off rep4 rate=18829
[ 139/335] full_scenario_enabled/off rep5 rate=20440
[ 140/335] full_scenario_target_mass/0.008 rep5 rate=56845
[ 141/335] hidden_triggering_enabled/off rep1 rate=37860
[ 142/335] hidden_triggering_enabled/off rep2 rate=36797
[ 143/335] hidden_triggering_enabled/off rep3 rate=35533
[ 144/335] hidden_triggering_enabled/off rep4 rate=37188
[ 145/335] hidden_triggering_enabled/off rep5 rate=38501
[ 146/335] mean_duration.street/x0.5 rep2 rate=37325
[ 147/335] mean_duration.street/x0.5 rep1 rate=39036
[ 148/335] mean_duration.street/x0.5 rep3 rate=36257
[ 149/335] mean_duration.street/x2 rep1 rate=37142
[ 150/335] mean_duration.street/x0.5 rep4 rate=38066
[ 151/335] mean_duration.street/x0.5 rep5 rate=38826
[ 152/335] mean_duration.street/x2 rep2 rate=35792
[ 153/335] mean_duration.street/x2 rep3 rate=35054
[ 154/335] mean_duration.street/x2 rep4 rate=37100
[ 155/335] mean_duration.street/x2 rep5 rate=37419
[ 156/335] variance_duration.street/x0.25 rep1 rate=37768
[ 157/335] variance_duration.street/x0.25 rep2 rate=36262
[ 158/335] variance_duration.street/x0.25 rep3 rate=35890
[ 159/335] variance_duration.street/x0.25 rep4 rate=36736
[ 160/335] variance_duration.street/x0.25 rep5 rate=38217
[ 161/335] variance_duration.street/x4 rep1 rate=38160
[ 162/335] variance_duration.street/x4 rep3 rate=35436
[ 163/335] variance_duration.street/x4 rep2 rate=36765
[ 164/335] variance_duration.street/x4 rep4 rate=37246
[ 165/335] variance_duration.street/x4 rep5 rate=38622
[ 166/335] mean_duration.temporal_modifications/x0.5 rep1 rate=38854
[ 167/335] mean_duration.temporal_modifications/x0.5 rep2 rate=37229
[ 168/335] mean_duration.temporal_modifications/x0.5 rep3 rate=36638
[ 169/335] mean_duration.temporal_modifications/x0.5 rep4 rate=38637
[ 170/335] mean_duration.temporal_modifications/x2 rep1 rate=37581
[ 171/335] mean_duration.temporal_modifications/x2 rep2 rate=36173
[ 172/335] mean_duration.temporal_modifications/x0.5 rep5 rate=39566
[ 173/335] mean_duration.temporal_modifications/x2 rep4 rate=36454
[ 174/335] mean_duration.temporal_modifications/x2 rep3 rate=35347
[ 175/335] mean_duration.temporal_modifications/x2 rep5 rate=38040
[ 176/335] variance_duration.temporal_modifications/x0.25 rep1 rate=38419
[ 177/335] variance_duration.temporal_modifications/x0.25 rep2 rate=36926
[ 178/335] variance_duration.temporal_modifications/x0.25 rep3 rate=35908
[ 179/335] variance_duration.temporal_modifications/x0.25 rep4 rate=36915
[ 180/335] variance_duration.temporal_modifications/x4 rep1 rate=37718
[ 181/335] variance_duration.temporal_modifications/x0.25 rep5 rate=38051
[ 182/335] variance_duration.temporal_modifications/x4 rep2 rate=37087
[ 183/335] variance_duration.temporal_modifications/x4 rep3 rate=36125
[ 184/335] variance_duration.temporal_modifications/x4 rep4 rate=37180
[ 185/335] variance_duration.temporal_modifications/x4 rep5 rate=38459
[ 186/335] mean_duration.ego_maneuver/x0.5 rep2 rate=53746
[ 187/335] mean_duration.ego_maneuver/x0.5 rep1 rate=56934
[ 188/335] mean_duration.ego_maneuver/x2 rep1 rate=27984
[ 189/335] mean_duration.ego_maneuver/x2 rep2 rate=27602
[ 190/335] mean_duration.ego_maneuver/x0.5 rep3 rate=52033
[ 191/335] mean_duration.ego_maneuver/x2 rep3 rate=27095
[ 192/335] mean_duration.ego_maneuver/x2 rep4 rate=27302
[ 193/335] mean_duration.ego_maneuver/x2 rep5 rate=28980
[ 194/335] mean_duration.ego_maneuver/x0.5 rep4 rate=55157
[ 195/335] variance_duration.ego_maneuver/x0.25 rep1 rate=37617
[ 196/335] variance_duration.ego_maneuver/x0.25 rep2 rate=36563
[ 197/335] mean_duration.ego_maneuver/x0.5 rep5 rate=55570
[ 198/335] variance_duration.ego_maneuver/x0.25 rep3 rate=35842
[ 199/335] variance_duration.ego_maneuver/x0.25 rep4 rate=37027
[ 200/335] variance_duration.ego_maneuver/x0.25 rep5 rate=38305
[ 201/335] variance_duration.ego_maneuver/x4 rep2 rate=36779
[ 202/335] variance_duration.ego_maneuver/x4 rep1 rate=37523
[ 203/335] variance_duration.ego_maneuver/x4 rep3 rate=35931
[ 204/335] variance_duration.ego_maneuver/x4 rep4 rate=37028
[ 205/335] variance_duration.ego_maneuver/x4 rep5 rate=38809
[ 206/335] mean_duration.ru_maneuver/x0.5 rep1 rate=49592
[ 207/335] mean_duration.ru_maneuver/x0.5 rep2 rate=48137
[ 208/335] mean_duration.ru_maneuver/x2 rep1 rate=32232
[ 209/335] mean_duration.ru_maneuver/x0.5 rep3 rate=47291
[ 210/335] mean_duration.ru_maneuver/x2 rep2 rate=30250
[ 211/335] mean_duration.ru_maneuver/x2 rep3 rate=29381
[ 212/335] mean_duration.ru_maneuver/x0.5 rep4 rate=48549
[ 213/335] mean_duration.ru_maneuver/x2 rep4 rate=31402
[ 214/335] mean_duration.ru_maneuver/x2 rep5 rate=32095
[ 215/335] variance_duration.ru_maneuver/x0.25 rep1 rate=37654
[ 216/335] variance_duration.ru_maneuver/x0.25 rep2 rate=36539
[ 217/335] mean_duration.ru_maneuver/x0.5 rep5 rate=50444
[ 218/335] variance_duration.ru_maneuver/x0.25 rep3 rate=35719
[ 219/335] variance_duration.ru_maneuver/x0.25 rep4 rate=36653
[ 220/335] variance_duration.ru_maneuver/x4 rep2 rate=36762
[ 221/335] variance_duration.ru_maneuver/x4 rep1 rate=38488
[ 222/335] variance_duration.ru_maneuver/x0.25 rep5 rate=38077
[ 223/335] variance_duration.ru_maneuver/x4 rep4 rate=36886
[ 224/335] variance_duration.ru_maneuver/x4 rep3 rate=35589
[ 225/335] variance_duration.ru_maneuver/x4 rep5 rate=38729
[ 226/335] mean_duration.environmental_conditions/x0.5 rep1 rate=37917
[ 227/335] mean_duration.environmental_conditions/x0.5 rep2 rate=36991
[ 228/335] mean_duration.environmental_conditions/x0.5 rep3 rate=36547
[ 229/335] mean_duration.environmental_conditions/x0.5 rep4 rate=37172
[ 230/335] mean_duration.environmental_conditions/x0.5 rep5 rate=38172
[ 231/335] mean_duration.environmental_conditions/x2 rep1 rate=38394
[ 232/335] mean_duration.environmental_conditions/x2 rep2 rate=37017
[ 233/335] mean_duration.environmental_conditions/x2 rep3 rate=35709
[ 234/335] mean_duration.environmental_conditions/x2 rep4 rate=37149
[ 235/335] mean_duration.environmental_conditions/x2 rep5 rate=38494
[ 236/335] variance_duration.environmental_conditions/x0.25 rep1 rate=38546
[ 237/335] variance_duration.environmental_conditions/x0.25 rep2 rate=36535
[ 238/335] variance_duration.environmental_conditions/x0.25 rep3 rate=35662
[ 239/335] variance_duration.environmental_conditions/x0.25 rep4 rate=36679
[ 240/335] variance_duration.environmental_conditions/x0.25 rep5 rate=38042
[ 241/335] variance_duration.environmental_conditions/x4 rep1 rate=37873
[ 242/335] variance_duration.environmental_conditions/x4 rep2 rate=36907
[ 243/335] variance_duration.environmental_conditions/x4 rep3 rate=35610
[ 244/335] variance_duration.environmental_conditions/x4 rep4 rate=36847
[ 245/335] variance_duration.environmental_conditions/x4 rep5 rate=37732
[ 246/335] mean_duration.triggering_conditions/x0.5 rep1 rate=42925
[ 247/335] mean_duration.triggering_conditions/x0.5 rep2 rate=40704
[ 248/335] mean_duration.triggering_conditions/x0.5 rep3 rate=40539
[ 249/335] mean_duration.triggering_conditions/x0.5 rep4 rate=41488
[ 250/335] mean_duration.triggering_conditions/x0.5 rep5 rate=42745
[ 251/335] mean_duration.triggering_conditions/x2 rep1 rate=35804
[ 252/335] mean_duration.triggering_conditions/x2 rep2 rate=33581
[ 253/335] mean_duration.triggering_conditions/x2 rep3 rate=32984
[ 254/335] mean_duration.triggering_conditions/x2 rep4 rate=34480
[ 255/335] mean_duration.triggering_conditions/x2 rep5 rate=35763
[ 256/335] variance_duration.triggering_conditions/x0.25 rep1 rate=38113
[ 257/335] variance_duration.triggering_conditions/x0.25 rep2 rate=36630
[ 258/335] variance_duration.triggering_conditions/x0.25 rep3 rate=35668
[ 259/335] variance_duration.triggering_conditions/x0.25 rep4 rate=37345
[ 260/335] variance_duration.triggering_conditions/x4 rep1 rate=37739
[ 261/335] variance_duration.triggering_conditions/x0.25 rep5 rate=38455
[ 262/335] variance_duration.triggering_conditions/x4 rep2 rate=36636
[ 263/335] variance_duration.triggering_conditions/x4 rep3 rate=35300
[ 264/335] variance_duration.triggering_conditions/x4 rep4 rate=37468
[ 265/335] variance_duration.triggering_conditions/x4 rep5 rate=37763
[ 266/335] element_count.temporal_modifications/n30 rep1 rate=36094
[ 267/335] element_count.temporal_modifications/n30 rep2 rate=35506
[ 268/335] element_count.temporal_modifications/n30 rep3 rate=35919
[ 269/335] element_count.temporal_modifications/n30 rep4 rate=37721
[ 270/335] element_count.temporal_modifications/n30 rep5 rate=38492
[ 271/335] element_count.temporal_modifications/n46 rep1 rate=37776
[ 272/335] element_count.temporal_modifications/n46 rep2 rate=35208
[ 273/335] element_count.temporal_modifications/n46 rep3 rate=34280
[ 274/335] element_count.temporal_modifications/n46 rep4 rate=38533
[ 275/335] element_count.temporal_modifications/n46 rep5 rate=35439
[ 276/335] element_count.ego_maneuver/n7 rep1 rate=35501
[ 277/335] element_count.ego_maneuver/n7 rep2 rate=36790
[ 278/335] element_count.ego_maneuver/n7 rep3 rate=36502
[ 279/335] element_count.ego_maneuver/n7 rep4 rate=42149
[ 280/335] element_count.ego_maneuver/n7 rep5 rate=35833
[ 281/335] element_count.ego_maneuver/n12 rep1 rate=39060
[ 282/335] element_count.ego_maneuver/n12 rep2 rate=37741
[ 283/335] element_count.ego_maneuver/n12 rep3 rate=36609
[ 284/335] element_count.ego_maneuver/n12 rep4 rate=36756
[ 285/335] element_count.ego_maneuver/n12 rep5 rate=36999
[ 286/335] element_count.ru_maneuver/n7 rep1 rate=37847
[ 287/335] element_count.ru_maneuver/n7 rep3 rate=34004
[ 288/335] element_count.ru_maneuver/n7 rep2 rate=36790
[ 289/335] element_count.ru_maneuver/n7 rep4 rate=38377
[ 290/335] element_count.ru_maneuver/n7 rep5 rate=36716
[ 291/335] element_count.ru_maneuver/n12 rep1 rate=39002
[ 292/335] element_count.ru_maneuver/n12 rep2 rate=35760
[ 293/335] element_count.ru_maneuver/n12 rep3 rate=35353
[ 294/335] element_count.ru_maneuver/n12 rep4 rate=38466
[ 295/335] element_count.ru_maneuver/n12 rep5 rate=38287
[ 296/335] element_count.environmental_conditions/n15 rep3 rate=35534
[ 297/335] element_count.environmental_conditions/n15 rep1 rate=38050
[ 298/335] element_count.environmental_conditions/n15 rep2 rate=36324
[ 299/335] element_count.environmental_conditions/n15 rep4 rate=37058
[ 300/335] element_count.environmental_conditions/n15 rep5 rate=38492
[ 301/335] element_count.environmental_conditions/n21 rep1 rate=37993
[ 302/335] element_count.environmental_conditions/n21 rep2 rate=36962
[ 303/335] element_count.environmental_conditions/n21 rep3 rate=34754
[ 304/335] element_count.environmental_conditions/n21 rep4 rate=37931
[ 305/335] element_count.environmental_conditions/n21 rep5 rate=38026
[ 306/335] element_count.triggering_conditions/n50 rep1 rate=38067
[ 307/335] element_count.triggering_conditions/n50 rep2 rate=36207
[ 308/335] element_count.triggering_conditions/n50 rep3 rate=34978
[ 309/335] element_count.triggering_conditions/n50 rep4 rate=37720
[ 310/335] element_count.triggering_conditions/n50 rep5 rate=38563
[ 311/335] element_count.triggering_conditions/n75 rep1 rate=37889
[ 312/335] element_count.triggering_conditions/n75 rep2 rate=36897
[ 313/335] element_count.triggering_conditions/n75 rep3 rate=35286
[ 314/335] element_count.triggering_conditions/n75 rep4 rate=37551
[ 315/335] element_count.triggering_conditions/n75 rep5 rate=37855
[ 316/335] element_count.triggering_conditions/n100 rep1 rate=37864
[ 317/335] element_count.triggering_conditions/n100 rep2 rate=36630
[ 318/335] element_count.triggering_conditions/n100 rep3 rate=35261
[ 319/335] element_count.triggering_conditions/n100 rep4 rate=36580
[ 320/335] element_count.triggering_conditions/n150 rep1 rate=37495
[ 321/335] element_count.triggering_conditions/n150 rep2 rate=36811
[ 322/335] element_count.triggering_conditions/n100 rep5 rate=39270
[ 323/335] element_count.triggering_conditions/n150 rep4 rate=37022
[ 324/335] element_count.triggering_conditions/n150 rep3 rate=34796
[ 325/335] element_count.triggering_conditions/n150 rep5 rate=38828
[ 326/335] allow_self_transition/off rep1 rate=54735
[ 327/335] allow_self_transition/off rep2 rate=57531
[ 328/335] allow_self_transition/off rep3 rate=52694
[ 329/335] allow_self_transition/off rep4 rate=53349
[ 330/335] allow_self_transition/off rep5 rate=53222
[ 331/335] transition_mode_conditional/conditional rep3 rate=18139
[ 332/335] transition_mode_conditional/conditional rep4 rate=19406
[ 333/335] transition_mode_conditional/conditional rep1 rate=20175
[ 334/335] transition_mode_conditional/conditional rep5 rate=21030
[ 335/335] transition_mode_conditional/conditional rep2 rate=19400

completed 335 runs (30 infeasible) in 35.0 min; results in C:\Users\SJameel\Poission\studies\parameter_sensitivity_study\results
